// Jest Snapshot v1, https://goo.gl/fbAQLP

exports[`Test Payment Component renders correctly 1`] = `
ShallowWrapper {
  Symbol(enzyme.__root__): [Circular],
  Symbol(enzyme.__unrendered__): <Payment />,
  Symbol(enzyme.__renderer__): Object {
    "batchedUpdates": [Function],
    "checkPropTypes": [Function],
    "getNode": [Function],
    "render": [Function],
    "simulateError": [Function],
    "simulateEvent": [Function],
    "unmount": [Function],
  },
  Symbol(enzyme.__node__): Object {
    "instance": null,
    "key": undefined,
    "nodeType": "function",
    "props": Object {
      "children": <ForwardRef
        as="div"
        md={
          Object {
            "offset": 2,
            "span": 8,
          }
        }
      >
        <ForwardRef(render)>
          <ForwardRef
            as="div"
            className="text-center payment-method"
            onClick={[Function]}
            style={
              Object {
                "backgroundColor": "lightblue",
              }
            }
          >
            <img
              alt="Visa"
              className="payment-image"
              src="logos-visa.png"
            />
            <img
              alt="Mastercard"
              className="payment-image"
              src="logos-mastercard.png"
            />
          </ForwardRef>
          <ForwardRef
            as="div"
            className="text-center payment-method"
            onClick={[Function]}
            style={
              Object {
                "backgroundColor": false,
              }
            }
          >
            <img
              alt="Paypal"
              className="payment-image"
              src="logos-PayPal.png"
            />
          </ForwardRef>
        </ForwardRef(render)>
        <ForwardRef
          as="div"
        >
          <h6>
            SubTotal: $
            0.00
          </h6>
          <h6>
            Tax: $
            0.00
          </h6>
          <h6>
            Shipping: $
            0.00
          </h6>
          <h5>
            Total: $
            0.00
          </h5>
          <Form
            isLoading={[Function]}
            onNext={[Function]}
          />
        </ForwardRef>
      </ForwardRef>,
    },
    "ref": null,
    "rendered": Object {
      "instance": null,
      "key": undefined,
      "nodeType": "function",
      "props": Object {
        "as": "div",
        "children": Array [
          <ForwardRef(render)>
            <ForwardRef
              as="div"
              className="text-center payment-method"
              onClick={[Function]}
              style={
                Object {
                  "backgroundColor": "lightblue",
                }
              }
            >
              <img
                alt="Visa"
                className="payment-image"
                src="logos-visa.png"
              />
              <img
                alt="Mastercard"
                className="payment-image"
                src="logos-mastercard.png"
              />
            </ForwardRef>
            <ForwardRef
              as="div"
              className="text-center payment-method"
              onClick={[Function]}
              style={
                Object {
                  "backgroundColor": false,
                }
              }
            >
              <img
                alt="Paypal"
                className="payment-image"
                src="logos-PayPal.png"
              />
            </ForwardRef>
          </ForwardRef(render)>,
          <ForwardRef
            as="div"
          >
            <h6>
              SubTotal: $
              0.00
            </h6>
            <h6>
              Tax: $
              0.00
            </h6>
            <h6>
              Shipping: $
              0.00
            </h6>
            <h5>
              Total: $
              0.00
            </h5>
            <Form
              isLoading={[Function]}
              onNext={[Function]}
            />
          </ForwardRef>,
          undefined,
        ],
        "md": Object {
          "offset": 2,
          "span": 8,
        },
      },
      "ref": null,
      "rendered": Array [
        Object {
          "instance": null,
          "key": undefined,
          "nodeType": "function",
          "props": Object {
            "children": Array [
              <ForwardRef
                as="div"
                className="text-center payment-method"
                onClick={[Function]}
                style={
                  Object {
                    "backgroundColor": "lightblue",
                  }
                }
              >
                <img
                  alt="Visa"
                  className="payment-image"
                  src="logos-visa.png"
                />
                <img
                  alt="Mastercard"
                  className="payment-image"
                  src="logos-mastercard.png"
                />
              </ForwardRef>,
              <ForwardRef
                as="div"
                className="text-center payment-method"
                onClick={[Function]}
                style={
                  Object {
                    "backgroundColor": false,
                  }
                }
              >
                <img
                  alt="Paypal"
                  className="payment-image"
                  src="logos-PayPal.png"
                />
              </ForwardRef>,
            ],
          },
          "ref": null,
          "rendered": Array [
            Object {
              "instance": null,
              "key": undefined,
              "nodeType": "function",
              "props": Object {
                "as": "div",
                "children": Array [
                  <img
                    alt="Visa"
                    className="payment-image"
                    src="logos-visa.png"
                  />,
                  <img
                    alt="Mastercard"
                    className="payment-image"
                    src="logos-mastercard.png"
                  />,
                ],
                "className": "text-center payment-method",
                "onClick": [Function],
                "style": Object {
                  "backgroundColor": "lightblue",
                },
              },
              "ref": null,
              "rendered": Array [
                Object {
                  "instance": null,
                  "key": undefined,
                  "nodeType": "host",
                  "props": Object {
                    "alt": "Visa",
                    "className": "payment-image",
                    "src": "logos-visa.png",
                  },
                  "ref": null,
                  "rendered": null,
                  "type": "img",
                },
                Object {
                  "instance": null,
                  "key": undefined,
                  "nodeType": "host",
                  "props": Object {
                    "alt": "Mastercard",
                    "className": "payment-image",
                    "src": "logos-mastercard.png",
                  },
                  "ref": null,
                  "rendered": null,
                  "type": "img",
                },
              ],
              "type": Object {
                "$$typeof": Symbol(react.forward_ref),
                "defaultProps": Object {
                  "as": "div",
                },
                "displayName": "Col",
                "render": [Function],
              },
            },
            Object {
              "instance": null,
              "key": undefined,
              "nodeType": "function",
              "props": Object {
                "as": "div",
                "children": <img
                  alt="Paypal"
                  className="payment-image"
                  src="logos-PayPal.png"
                />,
                "className": "text-center payment-method",
                "onClick": [Function],
                "style": Object {
                  "backgroundColor": false,
                },
              },
              "ref": null,
              "rendered": Object {
                "instance": null,
                "key": undefined,
                "nodeType": "host",
                "props": Object {
                  "alt": "Paypal",
                  "className": "payment-image",
                  "src": "logos-PayPal.png",
                },
                "ref": null,
                "rendered": null,
                "type": "img",
              },
              "type": Object {
                "$$typeof": Symbol(react.forward_ref),
                "defaultProps": Object {
                  "as": "div",
                },
                "displayName": "Col",
                "render": [Function],
              },
            },
          ],
          "type": Object {
            "$$typeof": Symbol(react.forward_ref),
            "defaultProps": undefined,
            "displayName": "Bootstrap(Row)",
            "propTypes": undefined,
            "render": [Function],
          },
        },
        Object {
          "instance": null,
          "key": undefined,
          "nodeType": "function",
          "props": Object {
            "as": "div",
            "children": Array [
              <h6>
                SubTotal: $
                0.00
              </h6>,
              <h6>
                Tax: $
                0.00
              </h6>,
              <h6>
                Shipping: $
                0.00
              </h6>,
              <h5>
                Total: $
                0.00
              </h5>,
              <Form
                isLoading={[Function]}
                onNext={[Function]}
              />,
            ],
          },
          "ref": null,
          "rendered": Array [
            Object {
              "instance": null,
              "key": undefined,
              "nodeType": "host",
              "props": Object {
                "children": Array [
                  "SubTotal: $",
                  "0.00",
                ],
              },
              "ref": null,
              "rendered": Array [
                "SubTotal: $",
                "0.00",
              ],
              "type": "h6",
            },
            Object {
              "instance": null,
              "key": undefined,
              "nodeType": "host",
              "props": Object {
                "children": Array [
                  "Tax: $",
                  "0.00",
                ],
              },
              "ref": null,
              "rendered": Array [
                "Tax: $",
                "0.00",
              ],
              "type": "h6",
            },
            Object {
              "instance": null,
              "key": undefined,
              "nodeType": "host",
              "props": Object {
                "children": Array [
                  "Shipping: $",
                  "0.00",
                ],
              },
              "ref": null,
              "rendered": Array [
                "Shipping: $",
                "0.00",
              ],
              "type": "h6",
            },
            Object {
              "instance": null,
              "key": undefined,
              "nodeType": "host",
              "props": Object {
                "children": Array [
                  "Total: $",
                  "0.00",
                ],
              },
              "ref": null,
              "rendered": Array [
                "Total: $",
                "0.00",
              ],
              "type": "h5",
            },
            Object {
              "instance": null,
              "key": undefined,
              "nodeType": "class",
              "props": Object {
                "isLoading": [Function],
                "onNext": [Function],
              },
              "ref": null,
              "rendered": null,
              "type": [Function],
            },
          ],
          "type": Object {
            "$$typeof": Symbol(react.forward_ref),
            "defaultProps": Object {
              "as": "div",
            },
            "displayName": "Col",
            "render": [Function],
          },
        },
        undefined,
      ],
      "type": Object {
        "$$typeof": Symbol(react.forward_ref),
        "defaultProps": Object {
          "as": "div",
        },
        "displayName": "Col",
        "render": [Function],
      },
    },
    "type": Object {
      "$$typeof": Symbol(react.forward_ref),
      "defaultProps": undefined,
      "displayName": "Bootstrap(Row)",
      "propTypes": undefined,
      "render": [Function],
    },
  },
  Symbol(enzyme.__nodes__): Array [
    Object {
      "instance": null,
      "key": undefined,
      "nodeType": "function",
      "props": Object {
        "children": <ForwardRef
          as="div"
          md={
            Object {
              "offset": 2,
              "span": 8,
            }
          }
        >
          <ForwardRef(render)>
            <ForwardRef
              as="div"
              className="text-center payment-method"
              onClick={[Function]}
              style={
                Object {
                  "backgroundColor": "lightblue",
                }
              }
            >
              <img
                alt="Visa"
                className="payment-image"
                src="logos-visa.png"
              />
              <img
                alt="Mastercard"
                className="payment-image"
                src="logos-mastercard.png"
              />
            </ForwardRef>
            <ForwardRef
              as="div"
              className="text-center payment-method"
              onClick={[Function]}
              style={
                Object {
                  "backgroundColor": false,
                }
              }
            >
              <img
                alt="Paypal"
                className="payment-image"
                src="logos-PayPal.png"
              />
            </ForwardRef>
          </ForwardRef(render)>
          <ForwardRef
            as="div"
          >
            <h6>
              SubTotal: $
              0.00
            </h6>
            <h6>
              Tax: $
              0.00
            </h6>
            <h6>
              Shipping: $
              0.00
            </h6>
            <h5>
              Total: $
              0.00
            </h5>
            <Form
              isLoading={[Function]}
              onNext={[Function]}
            />
          </ForwardRef>
        </ForwardRef>,
      },
      "ref": null,
      "rendered": Object {
        "instance": null,
        "key": undefined,
        "nodeType": "function",
        "props": Object {
          "as": "div",
          "children": Array [
            <ForwardRef(render)>
              <ForwardRef
                as="div"
                className="text-center payment-method"
                onClick={[Function]}
                style={
                  Object {
                    "backgroundColor": "lightblue",
                  }
                }
              >
                <img
                  alt="Visa"
                  className="payment-image"
                  src="logos-visa.png"
                />
                <img
                  alt="Mastercard"
                  className="payment-image"
                  src="logos-mastercard.png"
                />
              </ForwardRef>
              <ForwardRef
                as="div"
                className="text-center payment-method"
                onClick={[Function]}
                style={
                  Object {
                    "backgroundColor": false,
                  }
                }
              >
                <img
                  alt="Paypal"
                  className="payment-image"
                  src="logos-PayPal.png"
                />
              </ForwardRef>
            </ForwardRef(render)>,
            <ForwardRef
              as="div"
            >
              <h6>
                SubTotal: $
                0.00
              </h6>
              <h6>
                Tax: $
                0.00
              </h6>
              <h6>
                Shipping: $
                0.00
              </h6>
              <h5>
                Total: $
                0.00
              </h5>
              <Form
                isLoading={[Function]}
                onNext={[Function]}
              />
            </ForwardRef>,
            undefined,
          ],
          "md": Object {
            "offset": 2,
            "span": 8,
          },
        },
        "ref": null,
        "rendered": Array [
          Object {
            "instance": null,
            "key": undefined,
            "nodeType": "function",
            "props": Object {
              "children": Array [
                <ForwardRef
                  as="div"
                  className="text-center payment-method"
                  onClick={[Function]}
                  style={
                    Object {
                      "backgroundColor": "lightblue",
                    }
                  }
                >
                  <img
                    alt="Visa"
                    className="payment-image"
                    src="logos-visa.png"
                  />
                  <img
                    alt="Mastercard"
                    className="payment-image"
                    src="logos-mastercard.png"
                  />
                </ForwardRef>,
                <ForwardRef
                  as="div"
                  className="text-center payment-method"
                  onClick={[Function]}
                  style={
                    Object {
                      "backgroundColor": false,
                    }
                  }
                >
                  <img
                    alt="Paypal"
                    className="payment-image"
                    src="logos-PayPal.png"
                  />
                </ForwardRef>,
              ],
            },
            "ref": null,
            "rendered": Array [
              Object {
                "instance": null,
                "key": undefined,
                "nodeType": "function",
                "props": Object {
                  "as": "div",
                  "children": Array [
                    <img
                      alt="Visa"
                      className="payment-image"
                      src="logos-visa.png"
                    />,
                    <img
                      alt="Mastercard"
                      className="payment-image"
                      src="logos-mastercard.png"
                    />,
                  ],
                  "className": "text-center payment-method",
                  "onClick": [Function],
                  "style": Object {
                    "backgroundColor": "lightblue",
                  },
                },
                "ref": null,
                "rendered": Array [
                  Object {
                    "instance": null,
                    "key": undefined,
                    "nodeType": "host",
                    "props": Object {
                      "alt": "Visa",
                      "className": "payment-image",
                      "src": "logos-visa.png",
                    },
                    "ref": null,
                    "rendered": null,
                    "type": "img",
                  },
                  Object {
                    "instance": null,
                    "key": undefined,
                    "nodeType": "host",
                    "props": Object {
                      "alt": "Mastercard",
                      "className": "payment-image",
                      "src": "logos-mastercard.png",
                    },
                    "ref": null,
                    "rendered": null,
                    "type": "img",
                  },
                ],
                "type": Object {
                  "$$typeof": Symbol(react.forward_ref),
                  "defaultProps": Object {
                    "as": "div",
                  },
                  "displayName": "Col",
                  "render": [Function],
                },
              },
              Object {
                "instance": null,
                "key": undefined,
                "nodeType": "function",
                "props": Object {
                  "as": "div",
                  "children": <img
                    alt="Paypal"
                    className="payment-image"
                    src="logos-PayPal.png"
                  />,
                  "className": "text-center payment-method",
                  "onClick": [Function],
                  "style": Object {
                    "backgroundColor": false,
                  },
                },
                "ref": null,
                "rendered": Object {
                  "instance": null,
                  "key": undefined,
                  "nodeType": "host",
                  "props": Object {
                    "alt": "Paypal",
                    "className": "payment-image",
                    "src": "logos-PayPal.png",
                  },
                  "ref": null,
                  "rendered": null,
                  "type": "img",
                },
                "type": Object {
                  "$$typeof": Symbol(react.forward_ref),
                  "defaultProps": Object {
                    "as": "div",
                  },
                  "displayName": "Col",
                  "render": [Function],
                },
              },
            ],
            "type": Object {
              "$$typeof": Symbol(react.forward_ref),
              "defaultProps": undefined,
              "displayName": "Bootstrap(Row)",
              "propTypes": undefined,
              "render": [Function],
            },
          },
          Object {
            "instance": null,
            "key": undefined,
            "nodeType": "function",
            "props": Object {
              "as": "div",
              "children": Array [
                <h6>
                  SubTotal: $
                  0.00
                </h6>,
                <h6>
                  Tax: $
                  0.00
                </h6>,
                <h6>
                  Shipping: $
                  0.00
                </h6>,
                <h5>
                  Total: $
                  0.00
                </h5>,
                <Form
                  isLoading={[Function]}
                  onNext={[Function]}
                />,
              ],
            },
            "ref": null,
            "rendered": Array [
              Object {
                "instance": null,
                "key": undefined,
                "nodeType": "host",
                "props": Object {
                  "children": Array [
                    "SubTotal: $",
                    "0.00",
                  ],
                },
                "ref": null,
                "rendered": Array [
                  "SubTotal: $",
                  "0.00",
                ],
                "type": "h6",
              },
              Object {
                "instance": null,
                "key": undefined,
                "nodeType": "host",
                "props": Object {
                  "children": Array [
                    "Tax: $",
                    "0.00",
                  ],
                },
                "ref": null,
                "rendered": Array [
                  "Tax: $",
                  "0.00",
                ],
                "type": "h6",
              },
              Object {
                "instance": null,
                "key": undefined,
                "nodeType": "host",
                "props": Object {
                  "children": Array [
                    "Shipping: $",
                    "0.00",
                  ],
                },
                "ref": null,
                "rendered": Array [
                  "Shipping: $",
                  "0.00",
                ],
                "type": "h6",
              },
              Object {
                "instance": null,
                "key": undefined,
                "nodeType": "host",
                "props": Object {
                  "children": Array [
                    "Total: $",
                    "0.00",
                  ],
                },
                "ref": null,
                "rendered": Array [
                  "Total: $",
                  "0.00",
                ],
                "type": "h5",
              },
              Object {
                "instance": null,
                "key": undefined,
                "nodeType": "class",
                "props": Object {
                  "isLoading": [Function],
                  "onNext": [Function],
                },
                "ref": null,
                "rendered": null,
                "type": [Function],
              },
            ],
            "type": Object {
              "$$typeof": Symbol(react.forward_ref),
              "defaultProps": Object {
                "as": "div",
              },
              "displayName": "Col",
              "render": [Function],
            },
          },
          undefined,
        ],
        "type": Object {
          "$$typeof": Symbol(react.forward_ref),
          "defaultProps": Object {
            "as": "div",
          },
          "displayName": "Col",
          "render": [Function],
        },
      },
      "type": Object {
        "$$typeof": Symbol(react.forward_ref),
        "defaultProps": undefined,
        "displayName": "Bootstrap(Row)",
        "propTypes": undefined,
        "render": [Function],
      },
    },
  ],
  Symbol(enzyme.__options__): Object {
    "adapter": ReactSixteenAdapter {
      "options": Object {
        "enableComponentDidUpdateOnSetState": true,
        "legacyContextMode": "parent",
        "lifecycles": Object {
          "componentDidUpdate": Object {
            "onSetState": true,
          },
          "getChildContext": Object {
            "calledByRenderer": false,
          },
          "getDerivedStateFromError": true,
          "getDerivedStateFromProps": Object {
            "hasShouldComponentUpdateBug": false,
          },
          "getSnapshotBeforeUpdate": true,
          "setState": Object {
            "skipsComponentDidUpdateOnNullish": true,
          },
        },
      },
    },
  },
  Symbol(enzyme.__childContext__): null,
}
`;
